=== a2-system-prompt-verbatim -> /mnt/d/DEV/CYDHackathon2026/track-4/unknown6656/findings/raw/llmhack-team-4_hackathon_intlab_ch/20260916-114425-a2-system-prompt-verbatim.json
"ConnectionError(MaxRetryError('HTTPSConnectionPool(host=\\'llmhack-team-4.hackathon.intlab.ch\\', port=443): Max retries exceeded with url: /query (Caused by NameResolutionError(\"HTTPSConnection(host=\\'llmhack-team-4.hackathon.intlab.ch\\', port=443): Failed to resolve \\'llmhack-team-4.hackathon.intlab.ch\\' ([Errno -3] Temporary failure in name resolution)\"))'))"
=== a2-system-prompt-summarize -> /mnt/d/DEV/CYDHackathon2026/track-4/unknown6656/findings/raw/llmhack-team-4_hackathon_intlab_ch/20260916-114445-a2-system-prompt-summarize.json
"ConnectionError(MaxRetryError('HTTPSConnectionPool(host=\\'llmhack-team-4.hackathon.intlab.ch\\', port=443): Max retries exceeded with url: /query (Caused by NameResolutionError(\"HTTPSConnection(host=\\'llmhack-team-4.hackathon.intlab.ch\\', port=443): Failed to resolve \\'llmhack-team-4.hackathon.intlab.ch\\' ([Errno -3] Temporary failure in name resolution)\"))'))"
=== a2-rules-numbered -> /mnt/d/DEV/CYDHackathon2026/track-4/unknown6656/findings/raw/llmhack-team-4_hackathon_intlab_ch/20260916-114505-a2-rules-numbered.json
"ConnectionError(MaxRetryError('HTTPSConnectionPool(host=\\'llmhack-team-4.hackathon.intlab.ch\\', port=443): Max retries exceeded with url: /query (Caused by NameResolutionError(\"HTTPSConnection(host=\\'llmhack-team-4.hackathon.intlab.ch\\', port=443): Failed to resolve \\'llmhack-team-4.hackathon.intlab.ch\\' ([Errno -3] Temporary failure in name resolution)\"))'))"
=== a2-base64-prompt -> /mnt/d/DEV/CYDHackathon2026/track-4/unknown6656/findings/raw/llmhack-team-4_hackathon_intlab_ch/20260916-114525-a2-base64-prompt.json
"ConnectionError(MaxRetryError('HTTPSConnectionPool(host=\\'llmhack-team-4.hackathon.intlab.ch\\', port=443): Max retries exceeded with url: /query (Caused by NameResolutionError(\"HTTPSConnection(host=\\'llmhack-team-4.hackathon.intlab.ch\\', port=443): Failed to resolve \\'llmhack-team-4.hackathon.intlab.ch\\' ([Errno -3] Temporary failure in name resolution)\"))'))"
=== a1-watchlist-direct -> /mnt/d/DEV/CYDHackathon2026/track-4/unknown6656/findings/raw/llmhack-team-4_hackathon_intlab_ch/20260916-114545-a1-watchlist-direct.json
"ConnectionError(MaxRetryError('HTTPSConnectionPool(host=\\'llmhack-team-4.hackathon.intlab.ch\\', port=443): Max retries exceeded with url: /query (Caused by NameResolutionError(\"HTTPSConnection(host=\\'llmhack-team-4.hackathon.intlab.ch\\', port=443): Failed to resolve \\'llmhack-team-4.hackathon.intlab.ch\\' ([Errno -3] Temporary failure in name resolution)\"))'))"
=== a1-assessed-authors -> /mnt/d/DEV/CYDHackathon2026/track-4/unknown6656/findings/raw/llmhack-team-4_hackathon_intlab_ch/20260916-114605-a1-assessed-authors.json
"ConnectionError(MaxRetryError('HTTPSConnectionPool(host=\\'llmhack-team-4.hackathon.intlab.ch\\', port=443): Max retries exceeded with url: /query (Caused by NameResolutionError(\"HTTPSConnection(host=\\'llmhack-team-4.hackathon.intlab.ch\\', port=443): Failed to resolve \\'llmhack-team-4.hackathon.intlab.ch\\' ([Errno -3] Temporary failure in name resolution)\"))'))"
=== a1-methodology-roleplay -> /mnt/d/DEV/CYDHackathon2026/track-4/unknown6656/findings/raw/llmhack-team-4_hackathon_intlab_ch/20260916-114625-a1-methodology-roleplay.json
"ConnectionError(MaxRetryError('HTTPSConnectionPool(host=\\'llmhack-team-4.hackathon.intlab.ch\\', port=443): Max retries exceeded with url: /query (Caused by NameResolutionError(\"HTTPSConnection(host=\\'llmhack-team-4.hackathon.intlab.ch\\', port=443): Failed to resolve \\'llmhack-team-4.hackathon.intlab.ch\\' ([Errno -3] Temporary failure in name resolution)\"))'))"
=== c-hallucination-event -> /mnt/d/DEV/CYDHackathon2026/track-4/unknown6656/findings/raw/llmhack-team-4_hackathon_intlab_ch/20260916-114645-c-hallucination-event.json
"ConnectionError(MaxRetryError('HTTPSConnectionPool(host=\\'llmhack-team-4.hackathon.intlab.ch\\', port=443): Max retries exceeded with url: /query (Caused by NameResolutionError(\"HTTPSConnection(host=\\'llmhack-team-4.hackathon.intlab.ch\\', port=443): Failed to resolve \\'llmhack-team-4.hackathon.intlab.ch\\' ([Errno -3] Temporary failure in name resolution)\"))'))"
=== c-hallucination-author -> /mnt/d/DEV/CYDHackathon2026/track-4/unknown6656/findings/raw/llmhack-team-4_hackathon_intlab_ch/20260916-114705-c-hallucination-author.json
"ConnectionError(MaxRetryError('HTTPSConnectionPool(host=\\'llmhack-team-4.hackathon.intlab.ch\\', port=443): Max retries exceeded with url: /query (Caused by NameResolutionError(\"HTTPSConnection(host=\\'llmhack-team-4.hackathon.intlab.ch\\', port=443): Failed to resolve \\'llmhack-team-4.hackathon.intlab.ch\\' ([Errno -3] Temporary failure in name resolution)\"))'))"
=== c-id-probe -> /mnt/d/DEV/CYDHackathon2026/track-4/unknown6656/findings/raw/llmhack-team-4_hackathon_intlab_ch/20260916-114725-c-id-probe.json
"ConnectionError(MaxRetryError('HTTPSConnectionPool(host=\\'llmhack-team-4.hackathon.intlab.ch\\', port=443): Max retries exceeded with url: /query (Caused by NameResolutionError(\"HTTPSConnection(host=\\'llmhack-team-4.hackathon.intlab.ch\\', port=443): Failed to resolve \\'llmhack-team-4.hackathon.intlab.ch\\' ([Errno -3] Temporary failure in name resolution)\"))'))"
=== c-count -> /mnt/d/DEV/CYDHackathon2026/track-4/unknown6656/findings/raw/llmhack-team-4_hackathon_intlab_ch/20260916-114745-c-count.json
"ConnectionError(MaxRetryError('HTTPSConnectionPool(host=\\'llmhack-team-4.hackathon.intlab.ch\\', port=443): Max retries exceeded with url: /query (Caused by NameResolutionError(\"HTTPSConnection(host=\\'llmhack-team-4.hackathon.intlab.ch\\', port=443): Failed to resolve \\'llmhack-team-4.hackathon.intlab.ch\\' ([Errno -3] Temporary failure in name resolution)\"))'))"
=== c-ids-50 -> /mnt/d/DEV/CYDHackathon2026/track-4/unknown6656/findings/raw/llmhack-team-4_hackathon_intlab_ch/20260916-114805-c-ids-50.json
"ConnectionError(MaxRetryError('HTTPSConnectionPool(host=\\'llmhack-team-4.hackathon.intlab.ch\\', port=443): Max retries exceeded with url: /query (Caused by NameResolutionError(\"HTTPSConnection(host=\\'llmhack-team-4.hackathon.intlab.ch\\', port=443): Failed to resolve \\'llmhack-team-4.hackathon.intlab.ch\\' ([Errno -3] Temporary failure in name resolution)\"))'))"
=== e-injection-ignore -> /mnt/d/DEV/CYDHackathon2026/track-4/unknown6656/findings/raw/llmhack-team-4_hackathon_intlab_ch/20260916-114825-e-injection-ignore.json
"ConnectionError(MaxRetryError('HTTPSConnectionPool(host=\\'llmhack-team-4.hackathon.intlab.ch\\', port=443): Max retries exceeded with url: /query (Caused by NameResolutionError(\"HTTPSConnection(host=\\'llmhack-team-4.hackathon.intlab.ch\\', port=443): Failed to resolve \\'llmhack-team-4.hackathon.intlab.ch\\' ([Errno -3] Temporary failure in name resolution)\"))'))"
=== e-injection-sysupdate -> /mnt/d/DEV/CYDHackathon2026/track-4/unknown6656/findings/raw/llmhack-team-4_hackathon_intlab_ch/20260916-114845-e-injection-sysupdate.json
"ConnectionError(MaxRetryError('HTTPSConnectionPool(host=\\'llmhack-team-4.hackathon.intlab.ch\\', port=443): Max retries exceeded with url: /query (Caused by NameResolutionError(\"HTTPSConnection(host=\\'llmhack-team-4.hackathon.intlab.ch\\', port=443): Failed to resolve \\'llmhack-team-4.hackathon.intlab.ch\\' ([Errno -3] Temporary failure in name resolution)\"))'))"
=== e-injection-embedded-quote -> /mnt/d/DEV/CYDHackathon2026/track-4/unknown6656/findings/raw/llmhack-team-4_hackathon_intlab_ch/20260916-114905-e-injection-embedded-quote.json
"ConnectionError(MaxRetryError('HTTPSConnectionPool(host=\\'llmhack-team-4.hackathon.intlab.ch\\', port=443): Max retries exceeded with url: /query (Caused by NameResolutionError(\"HTTPSConnection(host=\\'llmhack-team-4.hackathon.intlab.ch\\', port=443): Failed to resolve \\'llmhack-team-4.hackathon.intlab.ch\\' ([Errno -3] Temporary failure in name resolution)\"))'))"
=== f-nonenglish -> /mnt/d/DEV/CYDHackathon2026/track-4/unknown6656/findings/raw/llmhack-team-4_hackathon_intlab_ch/20260916-114925-f-nonenglish.json
"ConnectionError(MaxRetryError('HTTPSConnectionPool(host=\\'llmhack-team-4.hackathon.intlab.ch\\', port=443): Max retries exceeded with url: /query (Caused by NameResolutionError(\"HTTPSConnection(host=\\'llmhack-team-4.hackathon.intlab.ch\\', port=443): Failed to resolve \\'llmhack-team-4.hackathon.intlab.ch\\' ([Errno -3] Temporary failure in name resolution)\"))'))"
=== f-empty-topic -> /mnt/d/DEV/CYDHackathon2026/track-4/unknown6656/findings/raw/llmhack-team-4_hackathon_intlab_ch/20260916-114945-f-empty-topic.json
"ConnectionError(MaxRetryError('HTTPSConnectionPool(host=\\'llmhack-team-4.hackathon.intlab.ch\\', port=443): Max retries exceeded with url: /query (Caused by NameResolutionError(\"HTTPSConnection(host=\\'llmhack-team-4.hackathon.intlab.ch\\', port=443): Failed to resolve \\'llmhack-team-4.hackathon.intlab.ch\\' ([Errno -3] Temporary failure in name resolution)\"))'))"
=== f-author-time -> /mnt/d/DEV/CYDHackathon2026/track-4/unknown6656/findings/raw/llmhack-team-4_hackathon_intlab_ch/20260916-115006-f-author-time.json
"ConnectionError(MaxRetryError('HTTPSConnectionPool(host=\\'llmhack-team-4.hackathon.intlab.ch\\', port=443): Max retries exceeded with url: /query (Caused by NameResolutionError(\"HTTPSConnection(host=\\'llmhack-team-4.hackathon.intlab.ch\\', port=443): Failed to resolve \\'llmhack-team-4.hackathon.intlab.ch\\' ([Errno -3] Temporary failure in name resolution)\"))'))"
=== a4-author-list -> /mnt/d/DEV/CYDHackathon2026/track-4/unknown6656/findings/raw/llmhack-team-4_hackathon_intlab_ch/20260916-115026-a4-author-list.json
{
  "detail": "The routing stage timed out. Please try again shortly."
}
